npm notice
npm notice 📦  @promax/promax-bundle@0.1.100
npm notice Tarball Contents
npm notice 2.3kB cordis.patch.yml
npm notice 57.3kB lib/index.d.mts
npm notice 772.9kB lib/index.mjs
npm notice 1.1kB package.json
npm notice 1.5kB presets/general/agent.cordis.yml
npm notice 127B presets/general/preset.yml
npm notice Tarball Details
npm notice name: @promax/promax-bundle
npm notice version: 0.1.100
npm notice filename: promax-promax-bundle-0.1.100.tgz
npm notice package size: 235.9 kB
npm notice unpacked size: 835.3 kB
npm notice shasum: 32e27104385a9451c16b29d531eada0236056a34
npm notice integrity: sha512-wDgQQyqJbiSjU[...]Q0ETvL6g5Zl7w==
npm notice total files: 6
npm notice
promax-promax-bundle-0.1.100.tgz
Selected archives prepared at /Users/Admin/Desktop/Promax/.runtime/releases/evidence-continuity-01-20260925; no runtime sources changed and no full installer generated.
