2026-09-16T01:41:18.285214	ended	countdown	/Users/Admin/Promax-first/评测隔离-20260915-1242-ed3718/.工作/用附件做一份用户分析报告-保存为-user-analys/回合.yml
2026-09-15T22:54:18.169713	unknown	proposal	/Users/Admin/Promax-first/评测隔离-20260915-1242-ed3718/.工作/请根据附件的事件统计和反馈摘录-出一份用户分析报告-保存/回合.yml
2026-09-18T03:05:27.403171	ended	click	/Users/Admin/Promax-first/评测隔离-20260915-1242-ed3718/.工作/帮我完成-个人网盘-的相关产品调研/回合.yml
2026-09-16T01:59:04.287801	unknown	proposal	/Users/Admin/Promax-first/评测隔离-20260915-1242-ed3718/.工作/按附件为-预约提醒-出一份-prd-md-规则以附件为准/回合.yml
2026-09-15T22:53:12.019990	checking	countdown	/Users/Admin/Promax-first/评测隔离-20260915-1242-ed3718/.工作/附件是我这版预约提醒的简版-PRD-麻烦评审一下-出一份/回合.yml
2026-09-20T09:22:43.131836	ended	countdown	/Users/Admin/Promax-first/评测隔离-20260915-1242-ed3718/.工作/给一份关于-个人网盘-的相关产品调研/回合.yml
2026-09-24T06:29:36.759251	unknown	proposal	/Users/Admin/Promax-first/评测隔离-20260915-1242-ed3718/.工作/请分析附件中的评分与反馈-交付一份简洁-可直接阅读的-M/回合.yml
2026-09-16T00:51:03.134675	ended	countdown	/Users/Admin/Promax-first/评测隔离-20260915-1242-ed3718/.工作/我想弄一个名单维护的东西-你帮我看看怎么搞比较好/回合.yml
2026-09-15T22:55:40.947475	checking	countdown	/Users/Admin/Promax-first/评测隔离-20260915-1242-ed3718/.工作/按附件的需求与规则-为-预约提醒-这个小功能出一套方案/回合.yml
2026-09-19T07:30:19.766727	unknown	proposal	/Users/Admin/Promax-first/评测隔离-20260915-1242-ed3718/.工作/产品任务/回合.yml
2026-09-15T13:49:55.390429	generating	countdown	/Users/Admin/Promax-first/评测隔离-20260915-1242-ed3718/.工作/请根据附件的访谈摘录和任务背景-整理一份客研报告-保存为/回合.yml
2026-09-16T00:50:37.468673	ended	countdown	/Users/Admin/Promax-first/评测隔离-20260915-1242-ed3718/.工作/按附件把需求清单和简版-PRD-都做出来-require/回合.yml
2026-09-21T21:22:44.950499	ended	countdown	/Users/Admin/Promax-first/评测隔离-20260915-1242-ed3718/.工作/帮我完成一次国内-个人网盘-相关的市场调研/回合.yml
2026-09-24T07:16:47.128475	ended	countdown	/Users/Admin/Promax-first/评测隔离-20260915-1242-ed3718/.工作/请分析附件中的评分与反馈-交付一份简洁-可直接阅读的-M-2/回合.yml
2026-09-22T08:47:49.398018	ended	countdown	/Users/Admin/Promax-first/评测隔离-20260915-1242-ed3718/.工作/请分析附件中-星河笔记-的评分与反馈-交付一份简洁的-M-2/回合.yml
2026-09-20T21:38:57.433678	ended	countdown	/Users/Admin/Promax-first/评测隔离-20260915-1242-ed3718/.工作/帮我做一个国内的-个人云盘-相关市场调研/回合.yml
2026-09-23T03:24:01.913860	ended	countdown	/Users/Admin/Promax-first/评测隔离-20260915-1242-ed3718/.工作/请分析附件中的评分和反馈-交付一份简洁-可直接阅读的-M/回合.yml
2026-09-16T01:16:12.987099	ended	countdown	/Users/Admin/Promax-first/评测隔离-20260915-1242-ed3718/.工作/附件是我这版预约提醒的简版-PRD-出一份评审报告-re/回合.yml
2026-09-22T07:30:52.997225	unknown	proposal	/Users/Admin/Promax-first/评测隔离-20260915-1242-ed3718/.工作/请分析附件中-星河笔记-的评分与反馈-交付一份简洁的-M/回合.yml
2026-09-15T21:42:04.708298	unknown	proposal	/Users/Admin/Promax-first/评测隔离-20260915-1242-ed3718/.工作/请把附件里的原始需求整理成需求清单-保存为-requir/回合.yml
2026-09-18T02:09:12.190937	ended	countdown	/Users/Admin/Promax-first/评测隔离-20260915-1242-ed3718/.工作/我这边只有旧工具导出的名单-附件-没有工号那一列-也拿/回合.yml
2026-09-15T21:38:40.250837	ended	countdown	/Users/Admin/Promax-first/评测隔离-20260915-1242-ed3718/.工作/请阅读附件的参照产品资料-做一份产品探索报告-保存为-p/回合.yml
2026-09-13T22:15:49.666087	unknown	proposal	/Users/Admin/Promax-first/产品/.工作/客户老说邀请成员太麻烦-一个个输邮箱-输错了也不知道错在-2/回合.yml
2026-09-13T22:34:59.759232	ended	countdown	/Users/Admin/Promax-first/产品/.工作/请直接出一份简版-PRD-只要-prd-md-虚构产品/回合.yml
2026-09-13T23:05:48.263503	repairing	countdown	/Users/Admin/Promax-first/产品/.工作/需求评审-请评审附件这份简版-PRD-出一份评审报告-只/回合.yml
2026-09-13T23:01:23.933928	ended	countdown	/Users/Admin/Promax-first/产品/.工作/竞品对比-根据附件里的虚构参照产品资料-做一份对比分析/回合.yml
2026-09-13T23:04:57.947217	repairing	countdown	/Users/Admin/Promax-first/产品/.工作/做原型-根据附件规则-做一个可交互的-HTML-原型-只/回合.yml
2026-09-13T22:36:00.970434	ended	countdown	/Users/Admin/Promax-first/产品/.工作/需求整理-根据附件原始条目-整理成需求清单-只要-req/回合.yml
2026-09-13T23:03:35.390300	ended	countdown	/Users/Admin/Promax-first/产品/.工作/客研整理-根据附件访谈-整理一份客研报告-只要-cust/回合.yml
2026-09-13T12:31:21.314043	unknown	proposal	/Users/Admin/Promax-first/产品/.工作/一起想方案/回合.yml
2026-09-13T23:22:27.520325	unknown	proposal	/Users/Admin/Promax-first/产品/.工作/需求整理-重跑-根据附件原始条目-整理成需求清单-只要/回合.yml
2026-09-13T22:10:59.157594	unknown	proposal	/Users/Admin/Promax-first/产品/.工作/PRD-和-BRD-有什么区别/回合.yml
2026-09-13T13:15:01.946149	ended	countdown	/Users/Admin/Promax-first/产品/.工作/请直接出一份简版-PRD-只要-prd-md-虚构产品-会议室-9760ba97/回合.yml
2026-09-13T22:11:38.032645	unknown	proposal	/Users/Admin/Promax-first/产品/.工作/客户老说邀请成员太麻烦-一个个输邮箱-输错了也不知道错在/回合.yml
2026-09-13T22:58:06.603159	ended	countdown	/Users/Admin/Promax-first/产品/.工作/数据分析-根据附件统计-出一份用户分析报告-只要-use/回合.yml
2026-09-15T05:27:24.241496	unknown	proposal	/Users/Admin/Promax-first/企业-bba5c8e2c5b3ff5b/.工作/我需要做一个统计人员名单的系统/回合.yml
