
 RUN  v4.1.11 /Users/Admin/Desktop/Promax/promax-ui

 ❯ packages/promax-bundle/tests/judge-reliability.test.ts (0 test)

⎯⎯⎯⎯⎯⎯ Failed Suites 1 ⎯⎯⎯⎯⎯⎯⎯

 FAIL  packages/promax-bundle/tests/judge-reliability.test.ts [ packages/promax-bundle/tests/judge-reliability.test.ts ]
Error: Failed to resolve import "../src/judge-evidence.ts" from "packages/promax-bundle/tests/judge-reliability.test.ts". Does the file exist?
  Plugin: vite:import-analysis
  File: /Users/Admin/Desktop/Promax/promax-ui/packages/promax-bundle/tests/judge-reliability.test.ts:6:36
  4  |  import { tmpdir } from "node:os";
  5  |  import { join } from "node:path";
  6  |  import { validateJudgeResult } from "../src/judge-evidence.ts";
     |                                       ^
  7  |  import { emptyReviews } from "../../promax-ui-console/src/review-protocol.ts";
  8  |  const sha = (s) => createHash("sha256").update(s).digest("hex");
 ❯ TransformPluginContext._formatLog node_modules/.pnpm/vite@6.4.3_@types+node@22.20.1_yaml@2.8.1/node_modules/vite/dist/node/chunks/dep-Dm0c1Wj2.js:42658:41
 ❯ TransformPluginContext.error node_modules/.pnpm/vite@6.4.3_@types+node@22.20.1_yaml@2.8.1/node_modules/vite/dist/node/chunks/dep-Dm0c1Wj2.js:42655:16
 ❯ normalizeUrl node_modules/.pnpm/vite@6.4.3_@types+node@22.20.1_yaml@2.8.1/node_modules/vite/dist/node/chunks/dep-Dm0c1Wj2.js:40634:23
 ❯ node_modules/.pnpm/vite@6.4.3_@types+node@22.20.1_yaml@2.8.1/node_modules/vite/dist/node/chunks/dep-Dm0c1Wj2.js:40753:37
 ❯ TransformPluginContext.transform node_modules/.pnpm/vite@6.4.3_@types+node@22.20.1_yaml@2.8.1/node_modules/vite/dist/node/chunks/dep-Dm0c1Wj2.js:40680:7
 ❯ EnvironmentPluginContainer.transform node_modules/.pnpm/vite@6.4.3_@types+node@22.20.1_yaml@2.8.1/node_modules/vite/dist/node/chunks/dep-Dm0c1Wj2.js:42453:18
 ❯ loadAndTransform node_modules/.pnpm/vite@6.4.3_@types+node@22.20.1_yaml@2.8.1/node_modules/vite/dist/node/chunks/dep-Dm0c1Wj2.js:35845:27

⎯⎯⎯⎯⎯⎯⎯⎯⎯⎯⎯⎯⎯⎯⎯⎯⎯⎯⎯⎯⎯⎯⎯⎯[1/1]⎯


 Test Files  1 failed (1)
      Tests  no tests
   Start at  05:40:55
   Duration  651ms (transform 15ms, setup 143ms, import 0ms, tests 0ms, environment 413ms)

