TAP version 13
# Subtest: frozen rating evidence: exact counts, missing denominator, source hash and zero sample
ok 1 - frozen rating evidence: exact counts, missing denominator, source hash and zero sample
  ---
  duration_ms: 245.504208
  type: 'test'
  ...
# Subtest: JR05 immutable r11 Judge contract, prompt, historical r10 and package entry
ok 2 - JR05 immutable r11 Judge contract, prompt, historical r10 and package entry
  ---
  duration_ms: 521.834667
  type: 'test'
  ...
1..2
# tests 2
# suites 0
# pass 2
# fail 0
# cancelled 0
# skipped 0
# todo 0
# duration_ms 719.504667
