TAP version 13
# Subtest: r2 compiler publishes actual snapshot paths, bounded work proposal and all six edit contracts
not ok 1 - r2 compiler publishes actual snapshot paths, bounded work proposal and all six edit contracts
  ---
  duration_ms: 229.046875
  type: 'test'
  location: '/Users/Admin/Desktop/Promax/promax-agent/team-harness/test/first-usable.test.mjs:42:1'
  failureType: 'testCodeFailure'
  error: |-
    Expected values to be strictly equal:
    
    139 !== 138
    
  code: 'ERR_ASSERTION'
  name: 'AssertionError'
  expected: 138
  actual: 139
  operator: 'strictEqual'
  stack: |-
    file:///Users/Admin/Desktop/Promax/promax-agent/team-harness/test/first-usable.test.mjs:75:10
    compiled (file:///Users/Admin/Desktop/Promax/promax-agent/team-harness/test/first-usable.test.mjs:37:12)
    TestContext.<anonymous> (file:///Users/Admin/Desktop/Promax/promax-agent/team-harness/test/first-usable.test.mjs:42:109)
    Test.runInAsyncScope (node:async_hooks:214:14)
    Test.run (node:internal/test_runner/test:1047:25)
    Test.start (node:internal/test_runner/test:944:17)
    startSubtestAfterBootstrap (node:internal/test_runner/harness:296:17)
  ...
# Subtest: r2 compiled Judge has strict §5.4 header, actual version hashes and responsibility-limited two repairs
not ok 2 - r2 compiled Judge has strict §5.4 header, actual version hashes and responsibility-limited two repairs
  ---
  duration_ms: 78.195167
  type: 'test'
  location: '/Users/Admin/Desktop/Promax/promax-agent/team-harness/test/first-usable.test.mjs:78:1'
  failureType: 'testCodeFailure'
  error: |-
    Expected values to be strictly deep-equal:
    + actual - expected
    
      [
        'glob',
        'grep',
        'promax_check_result',
    +   'promax_rating_facts',
    +   'promax_read_context',
        'read',
        'write'
      ]
    
  code: 'ERR_ASSERTION'
  name: 'AssertionError'
  expected:
    0: 'glob'
    1: 'grep'
    2: 'promax_check_result'
    3: 'read'
    4: 'write'
  actual:
    0: 'glob'
    1: 'grep'
    2: 'promax_check_result'
    3: 'promax_rating_facts'
    4: 'promax_read_context'
    5: 'read'
    6: 'write'
  operator: 'deepStrictEqual'
  stack: |-
    file:///Users/Admin/Desktop/Promax/promax-agent/team-harness/test/first-usable.test.mjs:80:10
    compiled (file:///Users/Admin/Desktop/Promax/promax-agent/team-harness/test/first-usable.test.mjs:37:12)
    TestContext.<anonymous> (file:///Users/Admin/Desktop/Promax/promax-agent/team-harness/test/first-usable.test.mjs:78:118)
    Test.runInAsyncScope (node:async_hooks:214:14)
    Test.run (node:internal/test_runner/test:1047:25)
    Test.processPendingSubtests (node:internal/test_runner/test:744:18)
    Test.postRun (node:internal/test_runner/test:1173:19)
    Test.run (node:internal/test_runner/test:1101:12)
    async startSubtestAfterBootstrap (node:internal/test_runner/harness:296:3)
  ...
# Subtest: r2 inline Skill entry is actually available through the member provider; Judge cannot load it
ok 3 - r2 inline Skill entry is actually available through the member provider; Judge cannot load it
  ---
  duration_ms: 62.620834
  type: 'test'
  ...
# Subtest: r2 real source hashes match catalog and generated bytes; tampering and overwrite are rejected
ok 4 - r2 real source hashes match catalog and generated bytes; tampering and overwrite are rejected
  ---
  duration_ms: 107.253292
  type: 'test'
  ...
# Subtest: concurrent compile conflict preserves one complete r2 and never mutates r1
ok 5 - concurrent compile conflict preserves one complete r2 and never mutates r1
  ---
  duration_ms: 264.934834
  type: 'test'
  ...
# Subtest: r1 B0 bytes are unchanged; packaged r2 export resolves to the deterministic compile
not ok 6 - r1 B0 bytes are unchanged; packaged r2 export resolves to the deterministic compile
  ---
  duration_ms: 84.695708
  type: 'test'
  location: '/Users/Admin/Desktop/Promax/promax-agent/team-harness/test/first-usable.test.mjs:160:1'
  failureType: 'testCodeFailure'
  error: |-
    Expected values to be strictly equal:
    + actual - expected
    
    + '/Users/Admin/Desktop/Promax/promax-agent/team-harness/generated/r10/promax-team-r10/team-revision.yml'
    - '/Users/Admin/Desktop/Promax/promax-agent/team-harness/generated/r2/promax-team/team-revision.yml'
    
  code: 'ERR_ASSERTION'
  name: 'AssertionError'
  expected: '/Users/Admin/Desktop/Promax/promax-agent/team-harness/generated/r2/promax-team/team-revision.yml'
  actual: '/Users/Admin/Desktop/Promax/promax-agent/team-harness/generated/r10/promax-team-r10/team-revision.yml'
  operator: 'strictEqual'
  stack: |-
    file:///Users/Admin/Desktop/Promax/promax-agent/team-harness/test/first-usable.test.mjs:168:10
    compiled (file:///Users/Admin/Desktop/Promax/promax-agent/team-harness/test/first-usable.test.mjs:37:12)
    TestContext.<anonymous> (file:///Users/Admin/Desktop/Promax/promax-agent/team-harness/test/first-usable.test.mjs:160:99)
    Test.runInAsyncScope (node:async_hooks:214:14)
    Test.run (node:internal/test_runner/test:1047:25)
    Test.processPendingSubtests (node:internal/test_runner/test:744:18)
    Test.postRun (node:internal/test_runner/test:1173:19)
    Test.run (node:internal/test_runner/test:1101:12)
    process.processTicksAndRejections (node:internal/process/task_queues:103:5)
    async Test.processPendingSubtests (node:internal/test_runner/test:744:7)
  ...
# Subtest: real external-capabilities registration honors r2 browser-off and disposes; missing peer only is mocked
ok 7 - real external-capabilities registration honors r2 browser-off and disposes; missing peer only is mocked
  ---
  duration_ms: 123.877209
  type: 'test'
  ...
# Subtest: R8 current payload retains modern paths, least-privilege Judge and coordinator-only repair; manifest detects tampering
not ok 8 - R8 current payload retains modern paths, least-privilege Judge and coordinator-only repair; manifest detects tampering
  ---
  duration_ms: 223.390917
  type: 'test'
  location: '/Users/Admin/Desktop/Promax/promax-agent/team-harness/test/review-revision.test.mjs:8:38'
  failureType: 'testCodeFailure'
  error: |-
    Expected values to be strictly equal:
    + actual - expected
    
    + './generated/r10/promax-team-r10/*'
    - './generated/r8/promax-team/*'
                    ^
    
  code: 'ERR_ASSERTION'
  name: 'AssertionError'
  expected: './generated/r8/promax-team/*'
  actual: './generated/r10/promax-team-r10/*'
  operator: 'strictEqual'
  stack: |-
    TestContext.<anonymous> (file:///Users/Admin/Desktop/Promax/promax-agent/team-harness/test/review-revision.test.mjs:31:12)
    Test.runInAsyncScope (node:async_hooks:214:14)
    Test.run (node:internal/test_runner/test:1047:25)
    Test.start (node:internal/test_runner/test:944:17)
    startSubtestAfterBootstrap (node:internal/test_runner/harness:296:17)
  ...
# Subtest: R4 explicit historical compatibility payload retains modern paths, least-privilege Judge and coordinator-only repair; manifest detects tampering
not ok 9 - R4 explicit historical compatibility payload retains modern paths, least-privilege Judge and coordinator-only repair; manifest detects tampering
  ---
  duration_ms: 90.522208
  type: 'test'
  location: '/Users/Admin/Desktop/Promax/promax-agent/team-harness/test/review-revision.test.mjs:8:38'
  failureType: 'testCodeFailure'
  error: |-
    Expected values to be strictly equal:
    + actual - expected
    
    + './generated/r10/promax-team-r10/*'
    - './generated/r8/promax-team/*'
                    ^
    
  code: 'ERR_ASSERTION'
  name: 'AssertionError'
  expected: './generated/r8/promax-team/*'
  actual: './generated/r10/promax-team-r10/*'
  operator: 'strictEqual'
  stack: |-
    TestContext.<anonymous> (file:///Users/Admin/Desktop/Promax/promax-agent/team-harness/test/review-revision.test.mjs:31:12)
    Test.runInAsyncScope (node:async_hooks:214:14)
    Test.run (node:internal/test_runner/test:1047:25)
    Test.processPendingSubtests (node:internal/test_runner/test:744:18)
    Test.postRun (node:internal/test_runner/test:1173:19)
    Test.run (node:internal/test_runner/test:1101:12)
    async startSubtestAfterBootstrap (node:internal/test_runner/harness:296:3)
  ...
1..9
# tests 9
# suites 0
# pass 4
# fail 5
# cancelled 0
# skipped 0
# todo 0
# duration_ms 1042.906
